  Determining projects to restore...
  All projects are up-to-date for restore.
  ResourceManagement.Contracts -> C:\Users\gtsolakidis\.gemini\antigravity\scratch\ResourceManagementTool\ResourceManagement.Contracts\bin\Debug\net9.0\ResourceManagement.Contracts.dll
  ResourceManagement.DbMigrator -> C:\Users\gtsolakidis\.gemini\antigravity\scratch\ResourceManagementTool\ResourceManagement.DbMigrator\bin\Debug\net9.0\ResourceManagement.DbMigrator.dll
  ResourceManagement.Domain -> C:\Users\gtsolakidis\.gemini\antigravity\scratch\ResourceManagementTool\ResourceManagement.Domain\bin\Debug\net9.0\ResourceManagement.Domain.dll
  ResourceManagement.Infrastructure -> C:\Users\gtsolakidis\.gemini\antigravity\scratch\ResourceManagementTool\ResourceManagement.Infrastructure\bin\Debug\net9.0\ResourceManagement.Infrastructure.dll
  ResourceManagement.Application -> C:\Users\gtsolakidis\.gemini\antigravity\scratch\ResourceManagementTool\ResourceManagement.Application\bin\Debug\net9.0\ResourceManagement.Application.dll
C:\Users\gtsolakidis\.gemini\antigravity\scratch\ResourceManagementTool\ResourceManagement.Api\Security\BasicAuthenticationHandler.cs(28,66): warning CS8604: Possible null reference argument for parameter 'input' in 'AuthenticationHeaderValue AuthenticationHeaderValue.Parse(string input)'. [C:\Users\gtsolakidis\.gemini\antigravity\scratch\ResourceManagementTool\ResourceManagement.Api\ResourceManagement.Api.csproj]
C:\Users\gtsolakidis\.gemini\antigravity\scratch\ResourceManagementTool\ResourceManagement.Api\Security\BasicAuthenticationHandler.cs(29,64): warning CS8604: Possible null reference argument for parameter 's' in 'byte[] Convert.FromBase64String(string s)'. [C:\Users\gtsolakidis\.gemini\antigravity\scratch\ResourceManagementTool\ResourceManagement.Api\ResourceManagement.Api.csproj]
C:\Users\gtsolakidis\.gemini\antigravity\scratch\ResourceManagementTool\ResourceManagement.Api\Security\BasicAuthenticationHandler.cs(21,59): warning CS1998: This async method lacks 'await' operators and will run synchronously. Consider using the 'await' operator to await non-blocking API calls, or 'await Task.Run(...)' to do CPU-bound work on a background thread. [C:\Users\gtsolakidis\.gemini\antigravity\scratch\ResourceManagementTool\ResourceManagement.Api\ResourceManagement.Api.csproj]
C:\Program Files\dotnet\sdk\9.0.306\Microsoft.Common.CurrentVersion.targets(5093,5): warning MSB3026: Could not copy "C:\Users\gtsolakidis\.gemini\antigravity\scratch\ResourceManagementTool\ResourceManagement.Domain\bin\Debug\net9.0\ResourceManagement.Domain.dll" to "bin\Debug\net9.0\ResourceManagement.Domain.dll". Beginning retry 1 in 1000ms. The process cannot access the file 'C:\Users\gtsolakidis\.gemini\antigravity\scratch\ResourceManagementTool\ResourceManagement.Api\bin\Debug\net9.0\ResourceManagement.Domain.dll' because it is being used by another process. The file is locked by: "ResourceManagement.Api (64816)" [C:\Users\gtsolakidis\.gemini\antigravity\scratch\ResourceManagementTool\ResourceManagement.Api\ResourceManagement.Api.csproj]
C:\Program Files\dotnet\sdk\9.0.306\Microsoft.Common.CurrentVersion.targets(5093,5): warning MSB3026: Could not copy "C:\Users\gtsolakidis\.gemini\antigravity\scratch\ResourceManagementTool\ResourceManagement.Infrastructure\bin\Debug\net9.0\ResourceManagement.Infrastructure.dll" to "bin\Debug\net9.0\ResourceManagement.Infrastructure.dll". Beginning retry 1 in 1000ms. The process cannot access the file 'C:\Users\gtsolakidis\.gemini\antigravity\scratch\ResourceManagementTool\ResourceManagement.Api\bin\Debug\net9.0\ResourceManagement.Infrastructure.dll' because it is being used by another process. The file is locked by: "ResourceManagement.Api (64816)" [C:\Users\gtsolakidis\.gemini\antigravity\scratch\ResourceManagementTool\ResourceManagement.Api\ResourceManagement.Api.csproj]
C:\Program Files\dotnet\sdk\9.0.306\Microsoft.Common.CurrentVersion.targets(5093,5): warning MSB3026: Could not copy "C:\Users\gtsolakidis\.gemini\antigravity\scratch\ResourceManagementTool\ResourceManagement.Contracts\bin\Debug\net9.0\ResourceManagement.Contracts.dll" to "bin\Debug\net9.0\ResourceManagement.Contracts.dll". Beginning retry 1 in 1000ms. The process cannot access the file 'C:\Users\gtsolakidis\.gemini\antigravity\scratch\ResourceManagementTool\ResourceManagement.Api\bin\Debug\net9.0\ResourceManagement.Contracts.dll' because it is being used by another process. The file is locked by: "ResourceManagement.Api (64816)" [C:\Users\gtsolakidis\.gemini\antigravity\scratch\ResourceManagementTool\ResourceManagement.Api\ResourceManagement.Api.csproj]
C:\Program Files\dotnet\sdk\9.0.306\Microsoft.Common.CurrentVersion.targets(5093,5): warning MSB3026: Could not copy "C:\Users\gtsolakidis\.gemini\antigravity\scratch\ResourceManagementTool\ResourceManagement.Application\bin\Debug\net9.0\ResourceManagement.Application.dll" to "bin\Debug\net9.0\ResourceManagement.Application.dll". Beginning retry 1 in 1000ms. The process cannot access the file 'C:\Users\gtsolakidis\.gemini\antigravity\scratch\ResourceManagementTool\ResourceManagement.Api\bin\Debug\net9.0\ResourceManagement.Application.dll' because it is being used by another process. The file is locked by: "ResourceManagement.Api (64816)" [C:\Users\gtsolakidis\.gemini\antigravity\scratch\ResourceManagementTool\ResourceManagement.Api\ResourceManagement.Api.csproj]
C:\Program Files\dotnet\sdk\9.0.306\Microsoft.Common.CurrentVersion.targets(5093,5): warning MSB3026: Could not copy "C:\Users\gtsolakidis\.gemini\antigravity\scratch\ResourceManagementTool\ResourceManagement.Domain\bin\Debug\net9.0\ResourceManagement.Domain.dll" to "bin\Debug\net9.0\ResourceManagement.Domain.dll". Beginning retry 2 in 1000ms. The process cannot access the file 'C:\Users\gtsolakidis\.gemini\antigravity\scratch\ResourceManagementTool\ResourceManagement.Api\bin\Debug\net9.0\ResourceManagement.Domain.dll' because it is being used by another process. The file is locked by: "ResourceManagement.Api (64816)" [C:\Users\gtsolakidis\.gemini\antigravity\scratch\ResourceManagementTool\ResourceManagement.Api\ResourceManagement.Api.csproj]
C:\Program Files\dotnet\sdk\9.0.306\Microsoft.Common.CurrentVersion.targets(5093,5): warning MSB3026: Could not copy "C:\Users\gtsolakidis\.gemini\antigravity\scratch\ResourceManagementTool\ResourceManagement.Infrastructure\bin\Debug\net9.0\ResourceManagement.Infrastructure.dll" to "bin\Debug\net9.0\ResourceManagement.Infrastructure.dll". Beginning retry 2 in 1000ms. The process cannot access the file 'C:\Users\gtsolakidis\.gemini\antigravity\scratch\ResourceManagementTool\ResourceManagement.Api\bin\Debug\net9.0\ResourceManagement.Infrastructure.dll' because it is being used by another process. The file is locked by: "ResourceManagement.Api (64816)" [C:\Users\gtsolakidis\.gemini\antigravity\scratch\ResourceManagementTool\ResourceManagement.Api\ResourceManagement.Api.csproj]
C:\Program Files\dotnet\sdk\9.0.306\Microsoft.Common.CurrentVersion.targets(5093,5): warning MSB3026: Could not copy "C:\Users\gtsolakidis\.gemini\antigravity\scratch\ResourceManagementTool\ResourceManagement.Contracts\bin\Debug\net9.0\ResourceManagement.Contracts.dll" to "bin\Debug\net9.0\ResourceManagement.Contracts.dll". Beginning retry 2 in 1000ms. The process cannot access the file 'C:\Users\gtsolakidis\.gemini\antigravity\scratch\ResourceManagementTool\ResourceManagement.Api\bin\Debug\net9.0\ResourceManagement.Contracts.dll' because it is being used by another process. The file is locked by: "ResourceManagement.Api (64816)" [C:\Users\gtsolakidis\.gemini\antigravity\scratch\ResourceManagementTool\ResourceManagement.Api\ResourceManagement.Api.csproj]
C:\Program Files\dotnet\sdk\9.0.306\Microsoft.Common.CurrentVersion.targets(5093,5): warning MSB3026: Could not copy "C:\Users\gtsolakidis\.gemini\antigravity\scratch\ResourceManagementTool\ResourceManagement.Application\bin\Debug\net9.0\ResourceManagement.Application.dll" to "bin\Debug\net9.0\ResourceManagement.Application.dll". Beginning retry 2 in 1000ms. The process cannot access the file 'C:\Users\gtsolakidis\.gemini\antigravity\scratch\ResourceManagementTool\ResourceManagement.Api\bin\Debug\net9.0\ResourceManagement.Application.dll' because it is being used by another process. The file is locked by: "ResourceManagement.Api (64816)" [C:\Users\gtsolakidis\.gemini\antigravity\scratch\ResourceManagementTool\ResourceManagement.Api\ResourceManagement.Api.csproj]
C:\Program Files\dotnet\sdk\9.0.306\Microsoft.Common.CurrentVersion.targets(5093,5): warning MSB3026: Could not copy "C:\Users\gtsolakidis\.gemini\antigravity\scratch\ResourceManagementTool\ResourceManagement.Domain\bin\Debug\net9.0\ResourceManagement.Domain.dll" to "bin\Debug\net9.0\ResourceManagement.Domain.dll". Beginning retry 3 in 1000ms. The process cannot access the file 'C:\Users\gtsolakidis\.gemini\antigravity\scratch\ResourceManagementTool\ResourceManagement.Api\bin\Debug\net9.0\ResourceManagement.Domain.dll' because it is being used by another process. The file is locked by: "ResourceManagement.Api (64816)" [C:\Users\gtsolakidis\.gemini\antigravity\scratch\ResourceManagementTool\ResourceManagement.Api\ResourceManagement.Api.csproj]
C:\Program Files\dotnet\sdk\9.0.306\Microsoft.Common.CurrentVersion.targets(5093,5): warning MSB3026: Could not copy "C:\Users\gtsolakidis\.gemini\antigravity\scratch\ResourceManagementTool\ResourceManagement.Contracts\bin\Debug\net9.0\ResourceManagement.Contracts.dll" to "bin\Debug\net9.0\ResourceManagement.Contracts.dll". Beginning retry 3 in 1000ms. The process cannot access the file 'C:\Users\gtsolakidis\.gemini\antigravity\scratch\ResourceManagementTool\ResourceManagement.Api\bin\Debug\net9.0\ResourceManagement.Contracts.dll' because it is being used by another process. The file is locked by: "ResourceManagement.Api (64816)" [C:\Users\gtsolakidis\.gemini\antigravity\scratch\ResourceManagementTool\ResourceManagement.Api\ResourceManagement.Api.csproj]
C:\Program Files\dotnet\sdk\9.0.306\Microsoft.Common.CurrentVersion.targets(5093,5): warning MSB3026: Could not copy "C:\Users\gtsolakidis\.gemini\antigravity\scratch\ResourceManagementTool\ResourceManagement.Infrastructure\bin\Debug\net9.0\ResourceManagement.Infrastructure.dll" to "bin\Debug\net9.0\ResourceManagement.Infrastructure.dll". Beginning retry 3 in 1000ms. The process cannot access the file 'C:\Users\gtsolakidis\.gemini\antigravity\scratch\ResourceManagementTool\ResourceManagement.Api\bin\Debug\net9.0\ResourceManagement.Infrastructure.dll' because it is being used by another process. The file is locked by: "ResourceManagement.Api (64816)" [C:\Users\gtsolakidis\.gemini\antigravity\scratch\ResourceManagementTool\ResourceManagement.Api\ResourceManagement.Api.csproj]
C:\Program Files\dotnet\sdk\9.0.306\Microsoft.Common.CurrentVersion.targets(5093,5): warning MSB3026: Could not copy "C:\Users\gtsolakidis\.gemini\antigravity\scratch\ResourceManagementTool\ResourceManagement.Application\bin\Debug\net9.0\ResourceManagement.Application.dll" to "bin\Debug\net9.0\ResourceManagement.Application.dll". Beginning retry 3 in 1000ms. The process cannot access the file 'C:\Users\gtsolakidis\.gemini\antigravity\scratch\ResourceManagementTool\ResourceManagement.Api\bin\Debug\net9.0\ResourceManagement.Application.dll' because it is being used by another process. The file is locked by: "ResourceManagement.Api (64816)" [C:\Users\gtsolakidis\.gemini\antigravity\scratch\ResourceManagementTool\ResourceManagement.Api\ResourceManagement.Api.csproj]
C:\Program Files\dotnet\sdk\9.0.306\Microsoft.Common.CurrentVersion.targets(5093,5): warning MSB3026: Could not copy "C:\Users\gtsolakidis\.gemini\antigravity\scratch\ResourceManagementTool\ResourceManagement.Domain\bin\Debug\net9.0\ResourceManagement.Domain.dll" to "bin\Debug\net9.0\ResourceManagement.Domain.dll". Beginning retry 4 in 1000ms. The process cannot access the file 'C:\Users\gtsolakidis\.gemini\antigravity\scratch\ResourceManagementTool\ResourceManagement.Api\bin\Debug\net9.0\ResourceManagement.Domain.dll' because it is being used by another process. The file is locked by: "ResourceManagement.Api (64816)" [C:\Users\gtsolakidis\.gemini\antigravity\scratch\ResourceManagementTool\ResourceManagement.Api\ResourceManagement.Api.csproj]
C:\Program Files\dotnet\sdk\9.0.306\Microsoft.Common.CurrentVersion.targets(5093,5): warning MSB3026: Could not copy "C:\Users\gtsolakidis\.gemini\antigravity\scratch\ResourceManagementTool\ResourceManagement.Infrastructure\bin\Debug\net9.0\ResourceManagement.Infrastructure.dll" to "bin\Debug\net9.0\ResourceManagement.Infrastructure.dll". Beginning retry 4 in 1000ms. The process cannot access the file 'C:\Users\gtsolakidis\.gemini\antigravity\scratch\ResourceManagementTool\ResourceManagement.Api\bin\Debug\net9.0\ResourceManagement.Infrastructure.dll' because it is being used by another process. The file is locked by: "ResourceManagement.Api (64816)" [C:\Users\gtsolakidis\.gemini\antigravity\scratch\ResourceManagementTool\ResourceManagement.Api\ResourceManagement.Api.csproj]
C:\Program Files\dotnet\sdk\9.0.306\Microsoft.Common.CurrentVersion.targets(5093,5): warning MSB3026: Could not copy "C:\Users\gtsolakidis\.gemini\antigravity\scratch\ResourceManagementTool\ResourceManagement.Application\bin\Debug\net9.0\ResourceManagement.Application.dll" to "bin\Debug\net9.0\ResourceManagement.Application.dll". Beginning retry 4 in 1000ms. The process cannot access the file 'C:\Users\gtsolakidis\.gemini\antigravity\scratch\ResourceManagementTool\ResourceManagement.Api\bin\Debug\net9.0\ResourceManagement.Application.dll' because it is being used by another process. The file is locked by: "ResourceManagement.Api (64816)" [C:\Users\gtsolakidis\.gemini\antigravity\scratch\ResourceManagementTool\ResourceManagement.Api\ResourceManagement.Api.csproj]
C:\Program Files\dotnet\sdk\9.0.306\Microsoft.Common.CurrentVersion.targets(5093,5): warning MSB3026: Could not copy "C:\Users\gtsolakidis\.gemini\antigravity\scratch\ResourceManagementTool\ResourceManagement.Contracts\bin\Debug\net9.0\ResourceManagement.Contracts.dll" to "bin\Debug\net9.0\ResourceManagement.Contracts.dll". Beginning retry 4 in 1000ms. The process cannot access the file 'C:\Users\gtsolakidis\.gemini\antigravity\scratch\ResourceManagementTool\ResourceManagement.Api\bin\Debug\net9.0\ResourceManagement.Contracts.dll' because it is being used by another process. The file is locked by: "ResourceManagement.Api (64816)" [C:\Users\gtsolakidis\.gemini\antigravity\scratch\ResourceManagementTool\ResourceManagement.Api\ResourceManagement.Api.csproj]
C:\Program Files\dotnet\sdk\9.0.306\Microsoft.Common.CurrentVersion.targets(5093,5): warning MSB3026: Could not copy "C:\Users\gtsolakidis\.gemini\antigravity\scratch\ResourceManagementTool\ResourceManagement.Domain\bin\Debug\net9.0\ResourceManagement.Domain.dll" to "bin\Debug\net9.0\ResourceManagement.Domain.dll". Beginning retry 5 in 1000ms. The process cannot access the file 'C:\Users\gtsolakidis\.gemini\antigravity\scratch\ResourceManagementTool\ResourceManagement.Api\bin\Debug\net9.0\ResourceManagement.Domain.dll' because it is being used by another process. The file is locked by: "ResourceManagement.Api (64816)" [C:\Users\gtsolakidis\.gemini\antigravity\scratch\ResourceManagementTool\ResourceManagement.Api\ResourceManagement.Api.csproj]
C:\Program Files\dotnet\sdk\9.0.306\Microsoft.Common.CurrentVersion.targets(5093,5): warning MSB3026: Could not copy "C:\Users\gtsolakidis\.gemini\antigravity\scratch\ResourceManagementTool\ResourceManagement.Contracts\bin\Debug\net9.0\ResourceManagement.Contracts.dll" to "bin\Debug\net9.0\ResourceManagement.Contracts.dll". Beginning retry 5 in 1000ms. The process cannot access the file 'C:\Users\gtsolakidis\.gemini\antigravity\scratch\ResourceManagementTool\ResourceManagement.Api\bin\Debug\net9.0\ResourceManagement.Contracts.dll' because it is being used by another process. The file is locked by: "ResourceManagement.Api (64816)" [C:\Users\gtsolakidis\.gemini\antigravity\scratch\ResourceManagementTool\ResourceManagement.Api\ResourceManagement.Api.csproj]
C:\Program Files\dotnet\sdk\9.0.306\Microsoft.Common.CurrentVersion.targets(5093,5): warning MSB3026: Could not copy "C:\Users\gtsolakidis\.gemini\antigravity\scratch\ResourceManagementTool\ResourceManagement.Application\bin\Debug\net9.0\ResourceManagement.Application.dll" to "bin\Debug\net9.0\ResourceManagement.Application.dll". Beginning retry 5 in 1000ms. The process cannot access the file 'C:\Users\gtsolakidis\.gemini\antigravity\scratch\ResourceManagementTool\ResourceManagement.Api\bin\Debug\net9.0\ResourceManagement.Application.dll' because it is being used by another process. The file is locked by: "ResourceManagement.Api (64816)" [C:\Users\gtsolakidis\.gemini\antigravity\scratch\ResourceManagementTool\ResourceManagement.Api\ResourceManagement.Api.csproj]
C:\Program Files\dotnet\sdk\9.0.306\Microsoft.Common.CurrentVersion.targets(5093,5): warning MSB3026: Could not copy "C:\Users\gtsolakidis\.gemini\antigravity\scratch\ResourceManagementTool\ResourceManagement.Infrastructure\bin\Debug\net9.0\ResourceManagement.Infrastructure.dll" to "bin\Debug\net9.0\ResourceManagement.Infrastructure.dll". Beginning retry 5 in 1000ms. The process cannot access the file 'C:\Users\gtsolakidis\.gemini\antigravity\scratch\ResourceManagementTool\ResourceManagement.Api\bin\Debug\net9.0\ResourceManagement.Infrastructure.dll' because it is being used by another process. The file is locked by: "ResourceManagement.Api (64816)" [C:\Users\gtsolakidis\.gemini\antigravity\scratch\ResourceManagementTool\ResourceManagement.Api\ResourceManagement.Api.csproj]
C:\Program Files\dotnet\sdk\9.0.306\Microsoft.Common.CurrentVersion.targets(5093,5): warning MSB3026: Could not copy "C:\Users\gtsolakidis\.gemini\antigravity\scratch\ResourceManagementTool\ResourceManagement.Domain\bin\Debug\net9.0\ResourceManagement.Domain.dll" to "bin\Debug\net9.0\ResourceManagement.Domain.dll". Beginning retry 6 in 1000ms. The process cannot access the file 'C:\Users\gtsolakidis\.gemini\antigravity\scratch\ResourceManagementTool\ResourceManagement.Api\bin\Debug\net9.0\ResourceManagement.Domain.dll' because it is being used by another process. The file is locked by: "ResourceManagement.Api (64816)" [C:\Users\gtsolakidis\.gemini\antigravity\scratch\ResourceManagementTool\ResourceManagement.Api\ResourceManagement.Api.csproj]
C:\Program Files\dotnet\sdk\9.0.306\Microsoft.Common.CurrentVersion.targets(5093,5): warning MSB3026: Could not copy "C:\Users\gtsolakidis\.gemini\antigravity\scratch\ResourceManagementTool\ResourceManagement.Contracts\bin\Debug\net9.0\ResourceManagement.Contracts.dll" to "bin\Debug\net9.0\ResourceManagement.Contracts.dll". Beginning retry 6 in 1000ms. The process cannot access the file 'C:\Users\gtsolakidis\.gemini\antigravity\scratch\ResourceManagementTool\ResourceManagement.Api\bin\Debug\net9.0\ResourceManagement.Contracts.dll' because it is being used by another process. The file is locked by: "ResourceManagement.Api (64816)" [C:\Users\gtsolakidis\.gemini\antigravity\scratch\ResourceManagementTool\ResourceManagement.Api\ResourceManagement.Api.csproj]
C:\Program Files\dotnet\sdk\9.0.306\Microsoft.Common.CurrentVersion.targets(5093,5): warning MSB3026: Could not copy "C:\Users\gtsolakidis\.gemini\antigravity\scratch\ResourceManagementTool\ResourceManagement.Application\bin\Debug\net9.0\ResourceManagement.Application.dll" to "bin\Debug\net9.0\ResourceManagement.Application.dll". Beginning retry 6 in 1000ms. The process cannot access the file 'C:\Users\gtsolakidis\.gemini\antigravity\scratch\ResourceManagementTool\ResourceManagement.Api\bin\Debug\net9.0\ResourceManagement.Application.dll' because it is being used by another process. The file is locked by: "ResourceManagement.Api (64816)" [C:\Users\gtsolakidis\.gemini\antigravity\scratch\ResourceManagementTool\ResourceManagement.Api\ResourceManagement.Api.csproj]
C:\Program Files\dotnet\sdk\9.0.306\Microsoft.Common.CurrentVersion.targets(5093,5): warning MSB3026: Could not copy "C:\Users\gtsolakidis\.gemini\antigravity\scratch\ResourceManagementTool\ResourceManagement.Infrastructure\bin\Debug\net9.0\ResourceManagement.Infrastructure.dll" to "bin\Debug\net9.0\ResourceManagement.Infrastructure.dll". Beginning retry 6 in 1000ms. The process cannot access the file 'C:\Users\gtsolakidis\.gemini\antigravity\scratch\ResourceManagementTool\ResourceManagement.Api\bin\Debug\net9.0\ResourceManagement.Infrastructure.dll' because it is being used by another process. The file is locked by: "ResourceManagement.Api (64816)" [C:\Users\gtsolakidis\.gemini\antigravity\scratch\ResourceManagementTool\ResourceManagement.Api\ResourceManagement.Api.csproj]
C:\Program Files\dotnet\sdk\9.0.306\Microsoft.Common.CurrentVersion.targets(5093,5): warning MSB3026: Could not copy "C:\Users\gtsolakidis\.gemini\antigravity\scratch\ResourceManagementTool\ResourceManagement.Domain\bin\Debug\net9.0\ResourceManagement.Domain.dll" to "bin\Debug\net9.0\ResourceManagement.Domain.dll". Beginning retry 7 in 1000ms. The process cannot access the file 'C:\Users\gtsolakidis\.gemini\antigravity\scratch\ResourceManagementTool\ResourceManagement.Api\bin\Debug\net9.0\ResourceManagement.Domain.dll' because it is being used by another process. The file is locked by: "ResourceManagement.Api (64816)" [C:\Users\gtsolakidis\.gemini\antigravity\scratch\ResourceManagementTool\ResourceManagement.Api\ResourceManagement.Api.csproj]
C:\Program Files\dotnet\sdk\9.0.306\Microsoft.Common.CurrentVersion.targets(5093,5): warning MSB3026: Could not copy "C:\Users\gtsolakidis\.gemini\antigravity\scratch\ResourceManagementTool\ResourceManagement.Application\bin\Debug\net9.0\ResourceManagement.Application.dll" to "bin\Debug\net9.0\ResourceManagement.Application.dll". Beginning retry 7 in 1000ms. The process cannot access the file 'C:\Users\gtsolakidis\.gemini\antigravity\scratch\ResourceManagementTool\ResourceManagement.Api\bin\Debug\net9.0\ResourceManagement.Application.dll' because it is being used by another process. The file is locked by: "ResourceManagement.Api (64816)" [C:\Users\gtsolakidis\.gemini\antigravity\scratch\ResourceManagementTool\ResourceManagement.Api\ResourceManagement.Api.csproj]
C:\Program Files\dotnet\sdk\9.0.306\Microsoft.Common.CurrentVersion.targets(5093,5): warning MSB3026: Could not copy "C:\Users\gtsolakidis\.gemini\antigravity\scratch\ResourceManagementTool\ResourceManagement.Infrastructure\bin\Debug\net9.0\ResourceManagement.Infrastructure.dll" to "bin\Debug\net9.0\ResourceManagement.Infrastructure.dll". Beginning retry 7 in 1000ms. The process cannot access the file 'C:\Users\gtsolakidis\.gemini\antigravity\scratch\ResourceManagementTool\ResourceManagement.Api\bin\Debug\net9.0\ResourceManagement.Infrastructure.dll' because it is being used by another process. The file is locked by: "ResourceManagement.Api (64816)" [C:\Users\gtsolakidis\.gemini\antigravity\scratch\ResourceManagementTool\ResourceManagement.Api\ResourceManagement.Api.csproj]
C:\Program Files\dotnet\sdk\9.0.306\Microsoft.Common.CurrentVersion.targets(5093,5): warning MSB3026: Could not copy "C:\Users\gtsolakidis\.gemini\antigravity\scratch\ResourceManagementTool\ResourceManagement.Contracts\bin\Debug\net9.0\ResourceManagement.Contracts.dll" to "bin\Debug\net9.0\ResourceManagement.Contracts.dll". Beginning retry 7 in 1000ms. The process cannot access the file 'C:\Users\gtsolakidis\.gemini\antigravity\scratch\ResourceManagementTool\ResourceManagement.Api\bin\Debug\net9.0\ResourceManagement.Contracts.dll' because it is being used by another process. The file is locked by: "ResourceManagement.Api (64816)" [C:\Users\gtsolakidis\.gemini\antigravity\scratch\ResourceManagementTool\ResourceManagement.Api\ResourceManagement.Api.csproj]
C:\Program Files\dotnet\sdk\9.0.306\Microsoft.Common.CurrentVersion.targets(5093,5): warning MSB3026: Could not copy "C:\Users\gtsolakidis\.gemini\antigravity\scratch\ResourceManagementTool\ResourceManagement.Domain\bin\Debug\net9.0\ResourceManagement.Domain.dll" to "bin\Debug\net9.0\ResourceManagement.Domain.dll". Beginning retry 8 in 1000ms. The process cannot access the file 'C:\Users\gtsolakidis\.gemini\antigravity\scratch\ResourceManagementTool\ResourceManagement.Api\bin\Debug\net9.0\ResourceManagement.Domain.dll' because it is being used by another process. The file is locked by: "ResourceManagement.Api (64816)" [C:\Users\gtsolakidis\.gemini\antigravity\scratch\ResourceManagementTool\ResourceManagement.Api\ResourceManagement.Api.csproj]
C:\Program Files\dotnet\sdk\9.0.306\Microsoft.Common.CurrentVersion.targets(5093,5): warning MSB3026: Could not copy "C:\Users\gtsolakidis\.gemini\antigravity\scratch\ResourceManagementTool\ResourceManagement.Infrastructure\bin\Debug\net9.0\ResourceManagement.Infrastructure.dll" to "bin\Debug\net9.0\ResourceManagement.Infrastructure.dll". Beginning retry 8 in 1000ms. The process cannot access the file 'C:\Users\gtsolakidis\.gemini\antigravity\scratch\ResourceManagementTool\ResourceManagement.Api\bin\Debug\net9.0\ResourceManagement.Infrastructure.dll' because it is being used by another process. The file is locked by: "ResourceManagement.Api (64816)" [C:\Users\gtsolakidis\.gemini\antigravity\scratch\ResourceManagementTool\ResourceManagement.Api\ResourceManagement.Api.csproj]
C:\Program Files\dotnet\sdk\9.0.306\Microsoft.Common.CurrentVersion.targets(5093,5): warning MSB3026: Could not copy "C:\Users\gtsolakidis\.gemini\antigravity\scratch\ResourceManagementTool\ResourceManagement.Contracts\bin\Debug\net9.0\ResourceManagement.Contracts.dll" to "bin\Debug\net9.0\ResourceManagement.Contracts.dll". Beginning retry 8 in 1000ms. The process cannot access the file 'C:\Users\gtsolakidis\.gemini\antigravity\scratch\ResourceManagementTool\ResourceManagement.Api\bin\Debug\net9.0\ResourceManagement.Contracts.dll' because it is being used by another process. The file is locked by: "ResourceManagement.Api (64816)" [C:\Users\gtsolakidis\.gemini\antigravity\scratch\ResourceManagementTool\ResourceManagement.Api\ResourceManagement.Api.csproj]
C:\Program Files\dotnet\sdk\9.0.306\Microsoft.Common.CurrentVersion.targets(5093,5): warning MSB3026: Could not copy "C:\Users\gtsolakidis\.gemini\antigravity\scratch\ResourceManagementTool\ResourceManagement.Application\bin\Debug\net9.0\ResourceManagement.Application.dll" to "bin\Debug\net9.0\ResourceManagement.Application.dll". Beginning retry 8 in 1000ms. The process cannot access the file 'C:\Users\gtsolakidis\.gemini\antigravity\scratch\ResourceManagementTool\ResourceManagement.Api\bin\Debug\net9.0\ResourceManagement.Application.dll' because it is being used by another process. The file is locked by: "ResourceManagement.Api (64816)" [C:\Users\gtsolakidis\.gemini\antigravity\scratch\ResourceManagementTool\ResourceManagement.Api\ResourceManagement.Api.csproj]
C:\Program Files\dotnet\sdk\9.0.306\Microsoft.Common.CurrentVersion.targets(5093,5): warning MSB3026: Could not copy "C:\Users\gtsolakidis\.gemini\antigravity\scratch\ResourceManagementTool\ResourceManagement.Domain\bin\Debug\net9.0\ResourceManagement.Domain.dll" to "bin\Debug\net9.0\ResourceManagement.Domain.dll". Beginning retry 9 in 1000ms. The process cannot access the file 'C:\Users\gtsolakidis\.gemini\antigravity\scratch\ResourceManagementTool\ResourceManagement.Api\bin\Debug\net9.0\ResourceManagement.Domain.dll' because it is being used by another process. The file is locked by: "ResourceManagement.Api (64816)" [C:\Users\gtsolakidis\.gemini\antigravity\scratch\ResourceManagementTool\ResourceManagement.Api\ResourceManagement.Api.csproj]
C:\Program Files\dotnet\sdk\9.0.306\Microsoft.Common.CurrentVersion.targets(5093,5): warning MSB3026: Could not copy "C:\Users\gtsolakidis\.gemini\antigravity\scratch\ResourceManagementTool\ResourceManagement.Infrastructure\bin\Debug\net9.0\ResourceManagement.Infrastructure.dll" to "bin\Debug\net9.0\ResourceManagement.Infrastructure.dll". Beginning retry 9 in 1000ms. The process cannot access the file 'C:\Users\gtsolakidis\.gemini\antigravity\scratch\ResourceManagementTool\ResourceManagement.Api\bin\Debug\net9.0\ResourceManagement.Infrastructure.dll' because it is being used by another process. The file is locked by: "ResourceManagement.Api (64816)" [C:\Users\gtsolakidis\.gemini\antigravity\scratch\ResourceManagementTool\ResourceManagement.Api\ResourceManagement.Api.csproj]
C:\Program Files\dotnet\sdk\9.0.306\Microsoft.Common.CurrentVersion.targets(5093,5): warning MSB3026: Could not copy "C:\Users\gtsolakidis\.gemini\antigravity\scratch\ResourceManagementTool\ResourceManagement.Contracts\bin\Debug\net9.0\ResourceManagement.Contracts.dll" to "bin\Debug\net9.0\ResourceManagement.Contracts.dll". Beginning retry 9 in 1000ms. The process cannot access the file 'C:\Users\gtsolakidis\.gemini\antigravity\scratch\ResourceManagementTool\ResourceManagement.Api\bin\Debug\net9.0\ResourceManagement.Contracts.dll' because it is being used by another process. The file is locked by: "ResourceManagement.Api (64816)" [C:\Users\gtsolakidis\.gemini\antigravity\scratch\ResourceManagementTool\ResourceManagement.Api\ResourceManagement.Api.csproj]
C:\Program Files\dotnet\sdk\9.0.306\Microsoft.Common.CurrentVersion.targets(5093,5): warning MSB3026: Could not copy "C:\Users\gtsolakidis\.gemini\antigravity\scratch\ResourceManagementTool\ResourceManagement.Application\bin\Debug\net9.0\ResourceManagement.Application.dll" to "bin\Debug\net9.0\ResourceManagement.Application.dll". Beginning retry 9 in 1000ms. The process cannot access the file 'C:\Users\gtsolakidis\.gemini\antigravity\scratch\ResourceManagementTool\ResourceManagement.Api\bin\Debug\net9.0\ResourceManagement.Application.dll' because it is being used by another process. The file is locked by: "ResourceManagement.Api (64816)" [C:\Users\gtsolakidis\.gemini\antigravity\scratch\ResourceManagementTool\ResourceManagement.Api\ResourceManagement.Api.csproj]
C:\Program Files\dotnet\sdk\9.0.306\Microsoft.Common.CurrentVersion.targets(5093,5): warning MSB3026: Could not copy "C:\Users\gtsolakidis\.gemini\antigravity\scratch\ResourceManagementTool\ResourceManagement.Domain\bin\Debug\net9.0\ResourceManagement.Domain.dll" to "bin\Debug\net9.0\ResourceManagement.Domain.dll". Beginning retry 10 in 1000ms. The process cannot access the file 'C:\Users\gtsolakidis\.gemini\antigravity\scratch\ResourceManagementTool\ResourceManagement.Api\bin\Debug\net9.0\ResourceManagement.Domain.dll' because it is being used by another process. The file is locked by: "ResourceManagement.Api (64816)" [C:\Users\gtsolakidis\.gemini\antigravity\scratch\ResourceManagementTool\ResourceManagement.Api\ResourceManagement.Api.csproj]
C:\Program Files\dotnet\sdk\9.0.306\Microsoft.Common.CurrentVersion.targets(5093,5): warning MSB3026: Could not copy "C:\Users\gtsolakidis\.gemini\antigravity\scratch\ResourceManagementTool\ResourceManagement.Infrastructure\bin\Debug\net9.0\ResourceManagement.Infrastructure.dll" to "bin\Debug\net9.0\ResourceManagement.Infrastructure.dll". Beginning retry 10 in 1000ms. The process cannot access the file 'C:\Users\gtsolakidis\.gemini\antigravity\scratch\ResourceManagementTool\ResourceManagement.Api\bin\Debug\net9.0\ResourceManagement.Infrastructure.dll' because it is being used by another process. The file is locked by: "ResourceManagement.Api (64816)" [C:\Users\gtsolakidis\.gemini\antigravity\scratch\ResourceManagementTool\ResourceManagement.Api\ResourceManagement.Api.csproj]
C:\Program Files\dotnet\sdk\9.0.306\Microsoft.Common.CurrentVersion.targets(5093,5): warning MSB3026: Could not copy "C:\Users\gtsolakidis\.gemini\antigravity\scratch\ResourceManagementTool\ResourceManagement.Application\bin\Debug\net9.0\ResourceManagement.Application.dll" to "bin\Debug\net9.0\ResourceManagement.Application.dll". Beginning retry 10 in 1000ms. The process cannot access the file 'C:\Users\gtsolakidis\.gemini\antigravity\scratch\ResourceManagementTool\ResourceManagement.Api\bin\Debug\net9.0\ResourceManagement.Application.dll' because it is being used by another process. The file is locked by: "ResourceManagement.Api (64816)" [C:\Users\gtsolakidis\.gemini\antigravity\scratch\ResourceManagementTool\ResourceManagement.Api\ResourceManagement.Api.csproj]
C:\Program Files\dotnet\sdk\9.0.306\Microsoft.Common.CurrentVersion.targets(5093,5): warning MSB3026: Could not copy "C:\Users\gtsolakidis\.gemini\antigravity\scratch\ResourceManagementTool\ResourceManagement.Contracts\bin\Debug\net9.0\ResourceManagement.Contracts.dll" to "bin\Debug\net9.0\ResourceManagement.Contracts.dll". Beginning retry 10 in 1000ms. The process cannot access the file 'C:\Users\gtsolakidis\.gemini\antigravity\scratch\ResourceManagementTool\ResourceManagement.Api\bin\Debug\net9.0\ResourceManagement.Contracts.dll' because it is being used by another process. The file is locked by: "ResourceManagement.Api (64816)" [C:\Users\gtsolakidis\.gemini\antigravity\scratch\ResourceManagementTool\ResourceManagement.Api\ResourceManagement.Api.csproj]
C:\Program Files\dotnet\sdk\9.0.306\Microsoft.Common.CurrentVersion.targets(5093,5): error MSB3027: Could not copy "C:\Users\gtsolakidis\.gemini\antigravity\scratch\ResourceManagementTool\ResourceManagement.Domain\bin\Debug\net9.0\ResourceManagement.Domain.dll" to "bin\Debug\net9.0\ResourceManagement.Domain.dll". Exceeded retry count of 10. Failed. The file is locked by: "ResourceManagement.Api (64816)" [C:\Users\gtsolakidis\.gemini\antigravity\scratch\ResourceManagementTool\ResourceManagement.Api\ResourceManagement.Api.csproj]
C:\Program Files\dotnet\sdk\9.0.306\Microsoft.Common.CurrentVersion.targets(5093,5): error MSB3021: Unable to copy file "C:\Users\gtsolakidis\.gemini\antigravity\scratch\ResourceManagementTool\ResourceManagement.Domain\bin\Debug\net9.0\ResourceManagement.Domain.dll" to "bin\Debug\net9.0\ResourceManagement.Domain.dll". The process cannot access the file 'C:\Users\gtsolakidis\.gemini\antigravity\scratch\ResourceManagementTool\ResourceManagement.Api\bin\Debug\net9.0\ResourceManagement.Domain.dll' because it is being used by another process. [C:\Users\gtsolakidis\.gemini\antigravity\scratch\ResourceManagementTool\ResourceManagement.Api\ResourceManagement.Api.csproj]
C:\Program Files\dotnet\sdk\9.0.306\Microsoft.Common.CurrentVersion.targets(5093,5): error MSB3027: Could not copy "C:\Users\gtsolakidis\.gemini\antigravity\scratch\ResourceManagementTool\ResourceManagement.Contracts\bin\Debug\net9.0\ResourceManagement.Contracts.dll" to "bin\Debug\net9.0\ResourceManagement.Contracts.dll". Exceeded retry count of 10. Failed. The file is locked by: "ResourceManagement.Api (64816)" [C:\Users\gtsolakidis\.gemini\antigravity\scratch\ResourceManagementTool\ResourceManagement.Api\ResourceManagement.Api.csproj]
C:\Program Files\dotnet\sdk\9.0.306\Microsoft.Common.CurrentVersion.targets(5093,5): error MSB3021: Unable to copy file "C:\Users\gtsolakidis\.gemini\antigravity\scratch\ResourceManagementTool\ResourceManagement.Contracts\bin\Debug\net9.0\ResourceManagement.Contracts.dll" to "bin\Debug\net9.0\ResourceManagement.Contracts.dll". The process cannot access the file 'C:\Users\gtsolakidis\.gemini\antigravity\scratch\ResourceManagementTool\ResourceManagement.Api\bin\Debug\net9.0\ResourceManagement.Contracts.dll' because it is being used by another process. [C:\Users\gtsolakidis\.gemini\antigravity\scratch\ResourceManagementTool\ResourceManagement.Api\ResourceManagement.Api.csproj]
C:\Program Files\dotnet\sdk\9.0.306\Microsoft.Common.CurrentVersion.targets(5093,5): error MSB3027: Could not copy "C:\Users\gtsolakidis\.gemini\antigravity\scratch\ResourceManagementTool\ResourceManagement.Application\bin\Debug\net9.0\ResourceManagement.Application.dll" to "bin\Debug\net9.0\ResourceManagement.Application.dll". Exceeded retry count of 10. Failed. The file is locked by: "ResourceManagement.Api (64816)" [C:\Users\gtsolakidis\.gemini\antigravity\scratch\ResourceManagementTool\ResourceManagement.Api\ResourceManagement.Api.csproj]
C:\Program Files\dotnet\sdk\9.0.306\Microsoft.Common.CurrentVersion.targets(5093,5): error MSB3021: Unable to copy file "C:\Users\gtsolakidis\.gemini\antigravity\scratch\ResourceManagementTool\ResourceManagement.Application\bin\Debug\net9.0\ResourceManagement.Application.dll" to "bin\Debug\net9.0\ResourceManagement.Application.dll". The process cannot access the file 'C:\Users\gtsolakidis\.gemini\antigravity\scratch\ResourceManagementTool\ResourceManagement.Api\bin\Debug\net9.0\ResourceManagement.Application.dll' because it is being used by another process. [C:\Users\gtsolakidis\.gemini\antigravity\scratch\ResourceManagementTool\ResourceManagement.Api\ResourceManagement.Api.csproj]
C:\Program Files\dotnet\sdk\9.0.306\Microsoft.Common.CurrentVersion.targets(5093,5): error MSB3027: Could not copy "C:\Users\gtsolakidis\.gemini\antigravity\scratch\ResourceManagementTool\ResourceManagement.Infrastructure\bin\Debug\net9.0\ResourceManagement.Infrastructure.dll" to "bin\Debug\net9.0\ResourceManagement.Infrastructure.dll". Exceeded retry count of 10. Failed. The file is locked by: "ResourceManagement.Api (64816)" [C:\Users\gtsolakidis\.gemini\antigravity\scratch\ResourceManagementTool\ResourceManagement.Api\ResourceManagement.Api.csproj]
C:\Program Files\dotnet\sdk\9.0.306\Microsoft.Common.CurrentVersion.targets(5093,5): error MSB3021: Unable to copy file "C:\Users\gtsolakidis\.gemini\antigravity\scratch\ResourceManagementTool\ResourceManagement.Infrastructure\bin\Debug\net9.0\ResourceManagement.Infrastructure.dll" to "bin\Debug\net9.0\ResourceManagement.Infrastructure.dll". The process cannot access the file 'C:\Users\gtsolakidis\.gemini\antigravity\scratch\ResourceManagementTool\ResourceManagement.Api\bin\Debug\net9.0\ResourceManagement.Infrastructure.dll' because it is being used by another process. [C:\Users\gtsolakidis\.gemini\antigravity\scratch\ResourceManagementTool\ResourceManagement.Api\ResourceManagement.Api.csproj]

Build FAILED.

C:\Users\gtsolakidis\.gemini\antigravity\scratch\ResourceManagementTool\ResourceManagement.Api\Security\BasicAuthenticationHandler.cs(28,66): warning CS8604: Possible null reference argument for parameter 'input' in 'AuthenticationHeaderValue AuthenticationHeaderValue.Parse(string input)'. [C:\Users\gtsolakidis\.gemini\antigravity\scratch\ResourceManagementTool\ResourceManagement.Api\ResourceManagement.Api.csproj]
C:\Users\gtsolakidis\.gemini\antigravity\scratch\ResourceManagementTool\ResourceManagement.Api\Security\BasicAuthenticationHandler.cs(29,64): warning CS8604: Possible null reference argument for parameter 's' in 'byte[] Convert.FromBase64String(string s)'. [C:\Users\gtsolakidis\.gemini\antigravity\scratch\ResourceManagementTool\ResourceManagement.Api\ResourceManagement.Api.csproj]
C:\Users\gtsolakidis\.gemini\antigravity\scratch\ResourceManagementTool\ResourceManagement.Api\Security\BasicAuthenticationHandler.cs(21,59): warning CS1998: This async method lacks 'await' operators and will run synchronously. Consider using the 'await' operator to await non-blocking API calls, or 'await Task.Run(...)' to do CPU-bound work on a background thread. [C:\Users\gtsolakidis\.gemini\antigravity\scratch\ResourceManagementTool\ResourceManagement.Api\ResourceManagement.Api.csproj]
C:\Program Files\dotnet\sdk\9.0.306\Microsoft.Common.CurrentVersion.targets(5093,5): warning MSB3026: Could not copy "C:\Users\gtsolakidis\.gemini\antigravity\scratch\ResourceManagementTool\ResourceManagement.Domain\bin\Debug\net9.0\ResourceManagement.Domain.dll" to "bin\Debug\net9.0\ResourceManagement.Domain.dll". Beginning retry 1 in 1000ms. The process cannot access the file 'C:\Users\gtsolakidis\.gemini\antigravity\scratch\ResourceManagementTool\ResourceManagement.Api\bin\Debug\net9.0\ResourceManagement.Domain.dll' because it is being used by another process. The file is locked by: "ResourceManagement.Api (64816)" [C:\Users\gtsolakidis\.gemini\antigravity\scratch\ResourceManagementTool\ResourceManagement.Api\ResourceManagement.Api.csproj]
C:\Program Files\dotnet\sdk\9.0.306\Microsoft.Common.CurrentVersion.targets(5093,5): warning MSB3026: Could not copy "C:\Users\gtsolakidis\.gemini\antigravity\scratch\ResourceManagementTool\ResourceManagement.Infrastructure\bin\Debug\net9.0\ResourceManagement.Infrastructure.dll" to "bin\Debug\net9.0\ResourceManagement.Infrastructure.dll". Beginning retry 1 in 1000ms. The process cannot access the file 'C:\Users\gtsolakidis\.gemini\antigravity\scratch\ResourceManagementTool\ResourceManagement.Api\bin\Debug\net9.0\ResourceManagement.Infrastructure.dll' because it is being used by another process. The file is locked by: "ResourceManagement.Api (64816)" [C:\Users\gtsolakidis\.gemini\antigravity\scratch\ResourceManagementTool\ResourceManagement.Api\ResourceManagement.Api.csproj]
C:\Program Files\dotnet\sdk\9.0.306\Microsoft.Common.CurrentVersion.targets(5093,5): warning MSB3026: Could not copy "C:\Users\gtsolakidis\.gemini\antigravity\scratch\ResourceManagementTool\ResourceManagement.Contracts\bin\Debug\net9.0\ResourceManagement.Contracts.dll" to "bin\Debug\net9.0\ResourceManagement.Contracts.dll". Beginning retry 1 in 1000ms. The process cannot access the file 'C:\Users\gtsolakidis\.gemini\antigravity\scratch\ResourceManagementTool\ResourceManagement.Api\bin\Debug\net9.0\ResourceManagement.Contracts.dll' because it is being used by another process. The file is locked by: "ResourceManagement.Api (64816)" [C:\Users\gtsolakidis\.gemini\antigravity\scratch\ResourceManagementTool\ResourceManagement.Api\ResourceManagement.Api.csproj]
C:\Program Files\dotnet\sdk\9.0.306\Microsoft.Common.CurrentVersion.targets(5093,5): warning MSB3026: Could not copy "C:\Users\gtsolakidis\.gemini\antigravity\scratch\ResourceManagementTool\ResourceManagement.Application\bin\Debug\net9.0\ResourceManagement.Application.dll" to "bin\Debug\net9.0\ResourceManagement.Application.dll". Beginning retry 1 in 1000ms. The process cannot access the file 'C:\Users\gtsolakidis\.gemini\antigravity\scratch\ResourceManagementTool\ResourceManagement.Api\bin\Debug\net9.0\ResourceManagement.Application.dll' because it is being used by another process. The file is locked by: "ResourceManagement.Api (64816)" [C:\Users\gtsolakidis\.gemini\antigravity\scratch\ResourceManagementTool\ResourceManagement.Api\ResourceManagement.Api.csproj]
C:\Program Files\dotnet\sdk\9.0.306\Microsoft.Common.CurrentVersion.targets(5093,5): warning MSB3026: Could not copy "C:\Users\gtsolakidis\.gemini\antigravity\scratch\ResourceManagementTool\ResourceManagement.Domain\bin\Debug\net9.0\ResourceManagement.Domain.dll" to "bin\Debug\net9.0\ResourceManagement.Domain.dll". Beginning retry 2 in 1000ms. The process cannot access the file 'C:\Users\gtsolakidis\.gemini\antigravity\scratch\ResourceManagementTool\ResourceManagement.Api\bin\Debug\net9.0\ResourceManagement.Domain.dll' because it is being used by another process. The file is locked by: "ResourceManagement.Api (64816)" [C:\Users\gtsolakidis\.gemini\antigravity\scratch\ResourceManagementTool\ResourceManagement.Api\ResourceManagement.Api.csproj]
C:\Program Files\dotnet\sdk\9.0.306\Microsoft.Common.CurrentVersion.targets(5093,5): warning MSB3026: Could not copy "C:\Users\gtsolakidis\.gemini\antigravity\scratch\ResourceManagementTool\ResourceManagement.Infrastructure\bin\Debug\net9.0\ResourceManagement.Infrastructure.dll" to "bin\Debug\net9.0\ResourceManagement.Infrastructure.dll". Beginning retry 2 in 1000ms. The process cannot access the file 'C:\Users\gtsolakidis\.gemini\antigravity\scratch\ResourceManagementTool\ResourceManagement.Api\bin\Debug\net9.0\ResourceManagement.Infrastructure.dll' because it is being used by another process. The file is locked by: "ResourceManagement.Api (64816)" [C:\Users\gtsolakidis\.gemini\antigravity\scratch\ResourceManagementTool\ResourceManagement.Api\ResourceManagement.Api.csproj]
C:\Program Files\dotnet\sdk\9.0.306\Microsoft.Common.CurrentVersion.targets(5093,5): warning MSB3026: Could not copy "C:\Users\gtsolakidis\.gemini\antigravity\scratch\ResourceManagementTool\ResourceManagement.Contracts\bin\Debug\net9.0\ResourceManagement.Contracts.dll" to "bin\Debug\net9.0\ResourceManagement.Contracts.dll". Beginning retry 2 in 1000ms. The process cannot access the file 'C:\Users\gtsolakidis\.gemini\antigravity\scratch\ResourceManagementTool\ResourceManagement.Api\bin\Debug\net9.0\ResourceManagement.Contracts.dll' because it is being used by another process. The file is locked by: "ResourceManagement.Api (64816)" [C:\Users\gtsolakidis\.gemini\antigravity\scratch\ResourceManagementTool\ResourceManagement.Api\ResourceManagement.Api.csproj]
C:\Program Files\dotnet\sdk\9.0.306\Microsoft.Common.CurrentVersion.targets(5093,5): warning MSB3026: Could not copy "C:\Users\gtsolakidis\.gemini\antigravity\scratch\ResourceManagementTool\ResourceManagement.Application\bin\Debug\net9.0\ResourceManagement.Application.dll" to "bin\Debug\net9.0\ResourceManagement.Application.dll". Beginning retry 2 in 1000ms. The process cannot access the file 'C:\Users\gtsolakidis\.gemini\antigravity\scratch\ResourceManagementTool\ResourceManagement.Api\bin\Debug\net9.0\ResourceManagement.Application.dll' because it is being used by another process. The file is locked by: "ResourceManagement.Api (64816)" [C:\Users\gtsolakidis\.gemini\antigravity\scratch\ResourceManagementTool\ResourceManagement.Api\ResourceManagement.Api.csproj]
C:\Program Files\dotnet\sdk\9.0.306\Microsoft.Common.CurrentVersion.targets(5093,5): warning MSB3026: Could not copy "C:\Users\gtsolakidis\.gemini\antigravity\scratch\ResourceManagementTool\ResourceManagement.Domain\bin\Debug\net9.0\ResourceManagement.Domain.dll" to "bin\Debug\net9.0\ResourceManagement.Domain.dll". Beginning retry 3 in 1000ms. The process cannot access the file 'C:\Users\gtsolakidis\.gemini\antigravity\scratch\ResourceManagementTool\ResourceManagement.Api\bin\Debug\net9.0\ResourceManagement.Domain.dll' because it is being used by another process. The file is locked by: "ResourceManagement.Api (64816)" [C:\Users\gtsolakidis\.gemini\antigravity\scratch\ResourceManagementTool\ResourceManagement.Api\ResourceManagement.Api.csproj]
C:\Program Files\dotnet\sdk\9.0.306\Microsoft.Common.CurrentVersion.targets(5093,5): warning MSB3026: Could not copy "C:\Users\gtsolakidis\.gemini\antigravity\scratch\ResourceManagementTool\ResourceManagement.Contracts\bin\Debug\net9.0\ResourceManagement.Contracts.dll" to "bin\Debug\net9.0\ResourceManagement.Contracts.dll". Beginning retry 3 in 1000ms. The process cannot access the file 'C:\Users\gtsolakidis\.gemini\antigravity\scratch\ResourceManagementTool\ResourceManagement.Api\bin\Debug\net9.0\ResourceManagement.Contracts.dll' because it is being used by another process. The file is locked by: "ResourceManagement.Api (64816)" [C:\Users\gtsolakidis\.gemini\antigravity\scratch\ResourceManagementTool\ResourceManagement.Api\ResourceManagement.Api.csproj]
C:\Program Files\dotnet\sdk\9.0.306\Microsoft.Common.CurrentVersion.targets(5093,5): warning MSB3026: Could not copy "C:\Users\gtsolakidis\.gemini\antigravity\scratch\ResourceManagementTool\ResourceManagement.Infrastructure\bin\Debug\net9.0\ResourceManagement.Infrastructure.dll" to "bin\Debug\net9.0\ResourceManagement.Infrastructure.dll". Beginning retry 3 in 1000ms. The process cannot access the file 'C:\Users\gtsolakidis\.gemini\antigravity\scratch\ResourceManagementTool\ResourceManagement.Api\bin\Debug\net9.0\ResourceManagement.Infrastructure.dll' because it is being used by another process. The file is locked by: "ResourceManagement.Api (64816)" [C:\Users\gtsolakidis\.gemini\antigravity\scratch\ResourceManagementTool\ResourceManagement.Api\ResourceManagement.Api.csproj]
C:\Program Files\dotnet\sdk\9.0.306\Microsoft.Common.CurrentVersion.targets(5093,5): warning MSB3026: Could not copy "C:\Users\gtsolakidis\.gemini\antigravity\scratch\ResourceManagementTool\ResourceManagement.Application\bin\Debug\net9.0\ResourceManagement.Application.dll" to "bin\Debug\net9.0\ResourceManagement.Application.dll". Beginning retry 3 in 1000ms. The process cannot access the file 'C:\Users\gtsolakidis\.gemini\antigravity\scratch\ResourceManagementTool\ResourceManagement.Api\bin\Debug\net9.0\ResourceManagement.Application.dll' because it is being used by another process. The file is locked by: "ResourceManagement.Api (64816)" [C:\Users\gtsolakidis\.gemini\antigravity\scratch\ResourceManagementTool\ResourceManagement.Api\ResourceManagement.Api.csproj]
C:\Program Files\dotnet\sdk\9.0.306\Microsoft.Common.CurrentVersion.targets(5093,5): warning MSB3026: Could not copy "C:\Users\gtsolakidis\.gemini\antigravity\scratch\ResourceManagementTool\ResourceManagement.Domain\bin\Debug\net9.0\ResourceManagement.Domain.dll" to "bin\Debug\net9.0\ResourceManagement.Domain.dll". Beginning retry 4 in 1000ms. The process cannot access the file 'C:\Users\gtsolakidis\.gemini\antigravity\scratch\ResourceManagementTool\ResourceManagement.Api\bin\Debug\net9.0\ResourceManagement.Domain.dll' because it is being used by another process. The file is locked by: "ResourceManagement.Api (64816)" [C:\Users\gtsolakidis\.gemini\antigravity\scratch\ResourceManagementTool\ResourceManagement.Api\ResourceManagement.Api.csproj]
C:\Program Files\dotnet\sdk\9.0.306\Microsoft.Common.CurrentVersion.targets(5093,5): warning MSB3026: Could not copy "C:\Users\gtsolakidis\.gemini\antigravity\scratch\ResourceManagementTool\ResourceManagement.Infrastructure\bin\Debug\net9.0\ResourceManagement.Infrastructure.dll" to "bin\Debug\net9.0\ResourceManagement.Infrastructure.dll". Beginning retry 4 in 1000ms. The process cannot access the file 'C:\Users\gtsolakidis\.gemini\antigravity\scratch\ResourceManagementTool\ResourceManagement.Api\bin\Debug\net9.0\ResourceManagement.Infrastructure.dll' because it is being used by another process. The file is locked by: "ResourceManagement.Api (64816)" [C:\Users\gtsolakidis\.gemini\antigravity\scratch\ResourceManagementTool\ResourceManagement.Api\ResourceManagement.Api.csproj]
C:\Program Files\dotnet\sdk\9.0.306\Microsoft.Common.CurrentVersion.targets(5093,5): warning MSB3026: Could not copy "C:\Users\gtsolakidis\.gemini\antigravity\scratch\ResourceManagementTool\ResourceManagement.Application\bin\Debug\net9.0\ResourceManagement.Application.dll" to "bin\Debug\net9.0\ResourceManagement.Application.dll". Beginning retry 4 in 1000ms. The process cannot access the file 'C:\Users\gtsolakidis\.gemini\antigravity\scratch\ResourceManagementTool\ResourceManagement.Api\bin\Debug\net9.0\ResourceManagement.Application.dll' because it is being used by another process. The file is locked by: "ResourceManagement.Api (64816)" [C:\Users\gtsolakidis\.gemini\antigravity\scratch\ResourceManagementTool\ResourceManagement.Api\ResourceManagement.Api.csproj]
C:\Program Files\dotnet\sdk\9.0.306\Microsoft.Common.CurrentVersion.targets(5093,5): warning MSB3026: Could not copy "C:\Users\gtsolakidis\.gemini\antigravity\scratch\ResourceManagementTool\ResourceManagement.Contracts\bin\Debug\net9.0\ResourceManagement.Contracts.dll" to "bin\Debug\net9.0\ResourceManagement.Contracts.dll". Beginning retry 4 in 1000ms. The process cannot access the file 'C:\Users\gtsolakidis\.gemini\antigravity\scratch\ResourceManagementTool\ResourceManagement.Api\bin\Debug\net9.0\ResourceManagement.Contracts.dll' because it is being used by another process. The file is locked by: "ResourceManagement.Api (64816)" [C:\Users\gtsolakidis\.gemini\antigravity\scratch\ResourceManagementTool\ResourceManagement.Api\ResourceManagement.Api.csproj]
C:\Program Files\dotnet\sdk\9.0.306\Microsoft.Common.CurrentVersion.targets(5093,5): warning MSB3026: Could not copy "C:\Users\gtsolakidis\.gemini\antigravity\scratch\ResourceManagementTool\ResourceManagement.Domain\bin\Debug\net9.0\ResourceManagement.Domain.dll" to "bin\Debug\net9.0\ResourceManagement.Domain.dll". Beginning retry 5 in 1000ms. The process cannot access the file 'C:\Users\gtsolakidis\.gemini\antigravity\scratch\ResourceManagementTool\ResourceManagement.Api\bin\Debug\net9.0\ResourceManagement.Domain.dll' because it is being used by another process. The file is locked by: "ResourceManagement.Api (64816)" [C:\Users\gtsolakidis\.gemini\antigravity\scratch\ResourceManagementTool\ResourceManagement.Api\ResourceManagement.Api.csproj]
C:\Program Files\dotnet\sdk\9.0.306\Microsoft.Common.CurrentVersion.targets(5093,5): warning MSB3026: Could not copy "C:\Users\gtsolakidis\.gemini\antigravity\scratch\ResourceManagementTool\ResourceManagement.Contracts\bin\Debug\net9.0\ResourceManagement.Contracts.dll" to "bin\Debug\net9.0\ResourceManagement.Contracts.dll". Beginning retry 5 in 1000ms. The process cannot access the file 'C:\Users\gtsolakidis\.gemini\antigravity\scratch\ResourceManagementTool\ResourceManagement.Api\bin\Debug\net9.0\ResourceManagement.Contracts.dll' because it is being used by another process. The file is locked by: "ResourceManagement.Api (64816)" [C:\Users\gtsolakidis\.gemini\antigravity\scratch\ResourceManagementTool\ResourceManagement.Api\ResourceManagement.Api.csproj]
C:\Program Files\dotnet\sdk\9.0.306\Microsoft.Common.CurrentVersion.targets(5093,5): warning MSB3026: Could not copy "C:\Users\gtsolakidis\.gemini\antigravity\scratch\ResourceManagementTool\ResourceManagement.Application\bin\Debug\net9.0\ResourceManagement.Application.dll" to "bin\Debug\net9.0\ResourceManagement.Application.dll". Beginning retry 5 in 1000ms. The process cannot access the file 'C:\Users\gtsolakidis\.gemini\antigravity\scratch\ResourceManagementTool\ResourceManagement.Api\bin\Debug\net9.0\ResourceManagement.Application.dll' because it is being used by another process. The file is locked by: "ResourceManagement.Api (64816)" [C:\Users\gtsolakidis\.gemini\antigravity\scratch\ResourceManagementTool\ResourceManagement.Api\ResourceManagement.Api.csproj]
C:\Program Files\dotnet\sdk\9.0.306\Microsoft.Common.CurrentVersion.targets(5093,5): warning MSB3026: Could not copy "C:\Users\gtsolakidis\.gemini\antigravity\scratch\ResourceManagementTool\ResourceManagement.Infrastructure\bin\Debug\net9.0\ResourceManagement.Infrastructure.dll" to "bin\Debug\net9.0\ResourceManagement.Infrastructure.dll". Beginning retry 5 in 1000ms. The process cannot access the file 'C:\Users\gtsolakidis\.gemini\antigravity\scratch\ResourceManagementTool\ResourceManagement.Api\bin\Debug\net9.0\ResourceManagement.Infrastructure.dll' because it is being used by another process. The file is locked by: "ResourceManagement.Api (64816)" [C:\Users\gtsolakidis\.gemini\antigravity\scratch\ResourceManagementTool\ResourceManagement.Api\ResourceManagement.Api.csproj]
C:\Program Files\dotnet\sdk\9.0.306\Microsoft.Common.CurrentVersion.targets(5093,5): warning MSB3026: Could not copy "C:\Users\gtsolakidis\.gemini\antigravity\scratch\ResourceManagementTool\ResourceManagement.Domain\bin\Debug\net9.0\ResourceManagement.Domain.dll" to "bin\Debug\net9.0\ResourceManagement.Domain.dll". Beginning retry 6 in 1000ms. The process cannot access the file 'C:\Users\gtsolakidis\.gemini\antigravity\scratch\ResourceManagementTool\ResourceManagement.Api\bin\Debug\net9.0\ResourceManagement.Domain.dll' because it is being used by another process. The file is locked by: "ResourceManagement.Api (64816)" [C:\Users\gtsolakidis\.gemini\antigravity\scratch\ResourceManagementTool\ResourceManagement.Api\ResourceManagement.Api.csproj]
C:\Program Files\dotnet\sdk\9.0.306\Microsoft.Common.CurrentVersion.targets(5093,5): warning MSB3026: Could not copy "C:\Users\gtsolakidis\.gemini\antigravity\scratch\ResourceManagementTool\ResourceManagement.Contracts\bin\Debug\net9.0\ResourceManagement.Contracts.dll" to "bin\Debug\net9.0\ResourceManagement.Contracts.dll". Beginning retry 6 in 1000ms. The process cannot access the file 'C:\Users\gtsolakidis\.gemini\antigravity\scratch\ResourceManagementTool\ResourceManagement.Api\bin\Debug\net9.0\ResourceManagement.Contracts.dll' because it is being used by another process. The file is locked by: "ResourceManagement.Api (64816)" [C:\Users\gtsolakidis\.gemini\antigravity\scratch\ResourceManagementTool\ResourceManagement.Api\ResourceManagement.Api.csproj]
C:\Program Files\dotnet\sdk\9.0.306\Microsoft.Common.CurrentVersion.targets(5093,5): warning MSB3026: Could not copy "C:\Users\gtsolakidis\.gemini\antigravity\scratch\ResourceManagementTool\ResourceManagement.Application\bin\Debug\net9.0\ResourceManagement.Application.dll" to "bin\Debug\net9.0\ResourceManagement.Application.dll". Beginning retry 6 in 1000ms. The process cannot access the file 'C:\Users\gtsolakidis\.gemini\antigravity\scratch\ResourceManagementTool\ResourceManagement.Api\bin\Debug\net9.0\ResourceManagement.Application.dll' because it is being used by another process. The file is locked by: "ResourceManagement.Api (64816)" [C:\Users\gtsolakidis\.gemini\antigravity\scratch\ResourceManagementTool\ResourceManagement.Api\ResourceManagement.Api.csproj]
C:\Program Files\dotnet\sdk\9.0.306\Microsoft.Common.CurrentVersion.targets(5093,5): warning MSB3026: Could not copy "C:\Users\gtsolakidis\.gemini\antigravity\scratch\ResourceManagementTool\ResourceManagement.Infrastructure\bin\Debug\net9.0\ResourceManagement.Infrastructure.dll" to "bin\Debug\net9.0\ResourceManagement.Infrastructure.dll". Beginning retry 6 in 1000ms. The process cannot access the file 'C:\Users\gtsolakidis\.gemini\antigravity\scratch\ResourceManagementTool\ResourceManagement.Api\bin\Debug\net9.0\ResourceManagement.Infrastructure.dll' because it is being used by another process. The file is locked by: "ResourceManagement.Api (64816)" [C:\Users\gtsolakidis\.gemini\antigravity\scratch\ResourceManagementTool\ResourceManagement.Api\ResourceManagement.Api.csproj]
C:\Program Files\dotnet\sdk\9.0.306\Microsoft.Common.CurrentVersion.targets(5093,5): warning MSB3026: Could not copy "C:\Users\gtsolakidis\.gemini\antigravity\scratch\ResourceManagementTool\ResourceManagement.Domain\bin\Debug\net9.0\ResourceManagement.Domain.dll" to "bin\Debug\net9.0\ResourceManagement.Domain.dll". Beginning retry 7 in 1000ms. The process cannot access the file 'C:\Users\gtsolakidis\.gemini\antigravity\scratch\ResourceManagementTool\ResourceManagement.Api\bin\Debug\net9.0\ResourceManagement.Domain.dll' because it is being used by another process. The file is locked by: "ResourceManagement.Api (64816)" [C:\Users\gtsolakidis\.gemini\antigravity\scratch\ResourceManagementTool\ResourceManagement.Api\ResourceManagement.Api.csproj]
C:\Program Files\dotnet\sdk\9.0.306\Microsoft.Common.CurrentVersion.targets(5093,5): warning MSB3026: Could not copy "C:\Users\gtsolakidis\.gemini\antigravity\scratch\ResourceManagementTool\ResourceManagement.Application\bin\Debug\net9.0\ResourceManagement.Application.dll" to "bin\Debug\net9.0\ResourceManagement.Application.dll". Beginning retry 7 in 1000ms. The process cannot access the file 'C:\Users\gtsolakidis\.gemini\antigravity\scratch\ResourceManagementTool\ResourceManagement.Api\bin\Debug\net9.0\ResourceManagement.Application.dll' because it is being used by another process. The file is locked by: "ResourceManagement.Api (64816)" [C:\Users\gtsolakidis\.gemini\antigravity\scratch\ResourceManagementTool\ResourceManagement.Api\ResourceManagement.Api.csproj]
C:\Program Files\dotnet\sdk\9.0.306\Microsoft.Common.CurrentVersion.targets(5093,5): warning MSB3026: Could not copy "C:\Users\gtsolakidis\.gemini\antigravity\scratch\ResourceManagementTool\ResourceManagement.Infrastructure\bin\Debug\net9.0\ResourceManagement.Infrastructure.dll" to "bin\Debug\net9.0\ResourceManagement.Infrastructure.dll". Beginning retry 7 in 1000ms. The process cannot access the file 'C:\Users\gtsolakidis\.gemini\antigravity\scratch\ResourceManagementTool\ResourceManagement.Api\bin\Debug\net9.0\ResourceManagement.Infrastructure.dll' because it is being used by another process. The file is locked by: "ResourceManagement.Api (64816)" [C:\Users\gtsolakidis\.gemini\antigravity\scratch\ResourceManagementTool\ResourceManagement.Api\ResourceManagement.Api.csproj]
C:\Program Files\dotnet\sdk\9.0.306\Microsoft.Common.CurrentVersion.targets(5093,5): warning MSB3026: Could not copy "C:\Users\gtsolakidis\.gemini\antigravity\scratch\ResourceManagementTool\ResourceManagement.Contracts\bin\Debug\net9.0\ResourceManagement.Contracts.dll" to "bin\Debug\net9.0\ResourceManagement.Contracts.dll". Beginning retry 7 in 1000ms. The process cannot access the file 'C:\Users\gtsolakidis\.gemini\antigravity\scratch\ResourceManagementTool\ResourceManagement.Api\bin\Debug\net9.0\ResourceManagement.Contracts.dll' because it is being used by another process. The file is locked by: "ResourceManagement.Api (64816)" [C:\Users\gtsolakidis\.gemini\antigravity\scratch\ResourceManagementTool\ResourceManagement.Api\ResourceManagement.Api.csproj]
C:\Program Files\dotnet\sdk\9.0.306\Microsoft.Common.CurrentVersion.targets(5093,5): warning MSB3026: Could not copy "C:\Users\gtsolakidis\.gemini\antigravity\scratch\ResourceManagementTool\ResourceManagement.Domain\bin\Debug\net9.0\ResourceManagement.Domain.dll" to "bin\Debug\net9.0\ResourceManagement.Domain.dll". Beginning retry 8 in 1000ms. The process cannot access the file 'C:\Users\gtsolakidis\.gemini\antigravity\scratch\ResourceManagementTool\ResourceManagement.Api\bin\Debug\net9.0\ResourceManagement.Domain.dll' because it is being used by another process. The file is locked by: "ResourceManagement.Api (64816)" [C:\Users\gtsolakidis\.gemini\antigravity\scratch\ResourceManagementTool\ResourceManagement.Api\ResourceManagement.Api.csproj]
C:\Program Files\dotnet\sdk\9.0.306\Microsoft.Common.CurrentVersion.targets(5093,5): warning MSB3026: Could not copy "C:\Users\gtsolakidis\.gemini\antigravity\scratch\ResourceManagementTool\ResourceManagement.Infrastructure\bin\Debug\net9.0\ResourceManagement.Infrastructure.dll" to "bin\Debug\net9.0\ResourceManagement.Infrastructure.dll". Beginning retry 8 in 1000ms. The process cannot access the file 'C:\Users\gtsolakidis\.gemini\antigravity\scratch\ResourceManagementTool\ResourceManagement.Api\bin\Debug\net9.0\ResourceManagement.Infrastructure.dll' because it is being used by another process. The file is locked by: "ResourceManagement.Api (64816)" [C:\Users\gtsolakidis\.gemini\antigravity\scratch\ResourceManagementTool\ResourceManagement.Api\ResourceManagement.Api.csproj]
C:\Program Files\dotnet\sdk\9.0.306\Microsoft.Common.CurrentVersion.targets(5093,5): warning MSB3026: Could not copy "C:\Users\gtsolakidis\.gemini\antigravity\scratch\ResourceManagementTool\ResourceManagement.Contracts\bin\Debug\net9.0\ResourceManagement.Contracts.dll" to "bin\Debug\net9.0\ResourceManagement.Contracts.dll". Beginning retry 8 in 1000ms. The process cannot access the file 'C:\Users\gtsolakidis\.gemini\antigravity\scratch\ResourceManagementTool\ResourceManagement.Api\bin\Debug\net9.0\ResourceManagement.Contracts.dll' because it is being used by another process. The file is locked by: "ResourceManagement.Api (64816)" [C:\Users\gtsolakidis\.gemini\antigravity\scratch\ResourceManagementTool\ResourceManagement.Api\ResourceManagement.Api.csproj]
C:\Program Files\dotnet\sdk\9.0.306\Microsoft.Common.CurrentVersion.targets(5093,5): warning MSB3026: Could not copy "C:\Users\gtsolakidis\.gemini\antigravity\scratch\ResourceManagementTool\ResourceManagement.Application\bin\Debug\net9.0\ResourceManagement.Application.dll" to "bin\Debug\net9.0\ResourceManagement.Application.dll". Beginning retry 8 in 1000ms. The process cannot access the file 'C:\Users\gtsolakidis\.gemini\antigravity\scratch\ResourceManagementTool\ResourceManagement.Api\bin\Debug\net9.0\ResourceManagement.Application.dll' because it is being used by another process. The file is locked by: "ResourceManagement.Api (64816)" [C:\Users\gtsolakidis\.gemini\antigravity\scratch\ResourceManagementTool\ResourceManagement.Api\ResourceManagement.Api.csproj]
C:\Program Files\dotnet\sdk\9.0.306\Microsoft.Common.CurrentVersion.targets(5093,5): warning MSB3026: Could not copy "C:\Users\gtsolakidis\.gemini\antigravity\scratch\ResourceManagementTool\ResourceManagement.Domain\bin\Debug\net9.0\ResourceManagement.Domain.dll" to "bin\Debug\net9.0\ResourceManagement.Domain.dll". Beginning retry 9 in 1000ms. The process cannot access the file 'C:\Users\gtsolakidis\.gemini\antigravity\scratch\ResourceManagementTool\ResourceManagement.Api\bin\Debug\net9.0\ResourceManagement.Domain.dll' because it is being used by another process. The file is locked by: "ResourceManagement.Api (64816)" [C:\Users\gtsolakidis\.gemini\antigravity\scratch\ResourceManagementTool\ResourceManagement.Api\ResourceManagement.Api.csproj]
C:\Program Files\dotnet\sdk\9.0.306\Microsoft.Common.CurrentVersion.targets(5093,5): warning MSB3026: Could not copy "C:\Users\gtsolakidis\.gemini\antigravity\scratch\ResourceManagementTool\ResourceManagement.Infrastructure\bin\Debug\net9.0\ResourceManagement.Infrastructure.dll" to "bin\Debug\net9.0\ResourceManagement.Infrastructure.dll". Beginning retry 9 in 1000ms. The process cannot access the file 'C:\Users\gtsolakidis\.gemini\antigravity\scratch\ResourceManagementTool\ResourceManagement.Api\bin\Debug\net9.0\ResourceManagement.Infrastructure.dll' because it is being used by another process. The file is locked by: "ResourceManagement.Api (64816)" [C:\Users\gtsolakidis\.gemini\antigravity\scratch\ResourceManagementTool\ResourceManagement.Api\ResourceManagement.Api.csproj]
C:\Program Files\dotnet\sdk\9.0.306\Microsoft.Common.CurrentVersion.targets(5093,5): warning MSB3026: Could not copy "C:\Users\gtsolakidis\.gemini\antigravity\scratch\ResourceManagementTool\ResourceManagement.Contracts\bin\Debug\net9.0\ResourceManagement.Contracts.dll" to "bin\Debug\net9.0\ResourceManagement.Contracts.dll". Beginning retry 9 in 1000ms. The process cannot access the file 'C:\Users\gtsolakidis\.gemini\antigravity\scratch\ResourceManagementTool\ResourceManagement.Api\bin\Debug\net9.0\ResourceManagement.Contracts.dll' because it is being used by another process. The file is locked by: "ResourceManagement.Api (64816)" [C:\Users\gtsolakidis\.gemini\antigravity\scratch\ResourceManagementTool\ResourceManagement.Api\ResourceManagement.Api.csproj]
C:\Program Files\dotnet\sdk\9.0.306\Microsoft.Common.CurrentVersion.targets(5093,5): warning MSB3026: Could not copy "C:\Users\gtsolakidis\.gemini\antigravity\scratch\ResourceManagementTool\ResourceManagement.Application\bin\Debug\net9.0\ResourceManagement.Application.dll" to "bin\Debug\net9.0\ResourceManagement.Application.dll". Beginning retry 9 in 1000ms. The process cannot access the file 'C:\Users\gtsolakidis\.gemini\antigravity\scratch\ResourceManagementTool\ResourceManagement.Api\bin\Debug\net9.0\ResourceManagement.Application.dll' because it is being used by another process. The file is locked by: "ResourceManagement.Api (64816)" [C:\Users\gtsolakidis\.gemini\antigravity\scratch\ResourceManagementTool\ResourceManagement.Api\ResourceManagement.Api.csproj]
C:\Program Files\dotnet\sdk\9.0.306\Microsoft.Common.CurrentVersion.targets(5093,5): warning MSB3026: Could not copy "C:\Users\gtsolakidis\.gemini\antigravity\scratch\ResourceManagementTool\ResourceManagement.Domain\bin\Debug\net9.0\ResourceManagement.Domain.dll" to "bin\Debug\net9.0\ResourceManagement.Domain.dll". Beginning retry 10 in 1000ms. The process cannot access the file 'C:\Users\gtsolakidis\.gemini\antigravity\scratch\ResourceManagementTool\ResourceManagement.Api\bin\Debug\net9.0\ResourceManagement.Domain.dll' because it is being used by another process. The file is locked by: "ResourceManagement.Api (64816)" [C:\Users\gtsolakidis\.gemini\antigravity\scratch\ResourceManagementTool\ResourceManagement.Api\ResourceManagement.Api.csproj]
C:\Program Files\dotnet\sdk\9.0.306\Microsoft.Common.CurrentVersion.targets(5093,5): warning MSB3026: Could not copy "C:\Users\gtsolakidis\.gemini\antigravity\scratch\ResourceManagementTool\ResourceManagement.Infrastructure\bin\Debug\net9.0\ResourceManagement.Infrastructure.dll" to "bin\Debug\net9.0\ResourceManagement.Infrastructure.dll". Beginning retry 10 in 1000ms. The process cannot access the file 'C:\Users\gtsolakidis\.gemini\antigravity\scratch\ResourceManagementTool\ResourceManagement.Api\bin\Debug\net9.0\ResourceManagement.Infrastructure.dll' because it is being used by another process. The file is locked by: "ResourceManagement.Api (64816)" [C:\Users\gtsolakidis\.gemini\antigravity\scratch\ResourceManagementTool\ResourceManagement.Api\ResourceManagement.Api.csproj]
C:\Program Files\dotnet\sdk\9.0.306\Microsoft.Common.CurrentVersion.targets(5093,5): warning MSB3026: Could not copy "C:\Users\gtsolakidis\.gemini\antigravity\scratch\ResourceManagementTool\ResourceManagement.Application\bin\Debug\net9.0\ResourceManagement.Application.dll" to "bin\Debug\net9.0\ResourceManagement.Application.dll". Beginning retry 10 in 1000ms. The process cannot access the file 'C:\Users\gtsolakidis\.gemini\antigravity\scratch\ResourceManagementTool\ResourceManagement.Api\bin\Debug\net9.0\ResourceManagement.Application.dll' because it is being used by another process. The file is locked by: "ResourceManagement.Api (64816)" [C:\Users\gtsolakidis\.gemini\antigravity\scratch\ResourceManagementTool\ResourceManagement.Api\ResourceManagement.Api.csproj]
C:\Program Files\dotnet\sdk\9.0.306\Microsoft.Common.CurrentVersion.targets(5093,5): warning MSB3026: Could not copy "C:\Users\gtsolakidis\.gemini\antigravity\scratch\ResourceManagementTool\ResourceManagement.Contracts\bin\Debug\net9.0\ResourceManagement.Contracts.dll" to "bin\Debug\net9.0\ResourceManagement.Contracts.dll". Beginning retry 10 in 1000ms. The process cannot access the file 'C:\Users\gtsolakidis\.gemini\antigravity\scratch\ResourceManagementTool\ResourceManagement.Api\bin\Debug\net9.0\ResourceManagement.Contracts.dll' because it is being used by another process. The file is locked by: "ResourceManagement.Api (64816)" [C:\Users\gtsolakidis\.gemini\antigravity\scratch\ResourceManagementTool\ResourceManagement.Api\ResourceManagement.Api.csproj]
C:\Program Files\dotnet\sdk\9.0.306\Microsoft.Common.CurrentVersion.targets(5093,5): error MSB3027: Could not copy "C:\Users\gtsolakidis\.gemini\antigravity\scratch\ResourceManagementTool\ResourceManagement.Domain\bin\Debug\net9.0\ResourceManagement.Domain.dll" to "bin\Debug\net9.0\ResourceManagement.Domain.dll". Exceeded retry count of 10. Failed. The file is locked by: "ResourceManagement.Api (64816)" [C:\Users\gtsolakidis\.gemini\antigravity\scratch\ResourceManagementTool\ResourceManagement.Api\ResourceManagement.Api.csproj]
C:\Program Files\dotnet\sdk\9.0.306\Microsoft.Common.CurrentVersion.targets(5093,5): error MSB3021: Unable to copy file "C:\Users\gtsolakidis\.gemini\antigravity\scratch\ResourceManagementTool\ResourceManagement.Domain\bin\Debug\net9.0\ResourceManagement.Domain.dll" to "bin\Debug\net9.0\ResourceManagement.Domain.dll". The process cannot access the file 'C:\Users\gtsolakidis\.gemini\antigravity\scratch\ResourceManagementTool\ResourceManagement.Api\bin\Debug\net9.0\ResourceManagement.Domain.dll' because it is being used by another process. [C:\Users\gtsolakidis\.gemini\antigravity\scratch\ResourceManagementTool\ResourceManagement.Api\ResourceManagement.Api.csproj]
C:\Program Files\dotnet\sdk\9.0.306\Microsoft.Common.CurrentVersion.targets(5093,5): error MSB3027: Could not copy "C:\Users\gtsolakidis\.gemini\antigravity\scratch\ResourceManagementTool\ResourceManagement.Contracts\bin\Debug\net9.0\ResourceManagement.Contracts.dll" to "bin\Debug\net9.0\ResourceManagement.Contracts.dll". Exceeded retry count of 10. Failed. The file is locked by: "ResourceManagement.Api (64816)" [C:\Users\gtsolakidis\.gemini\antigravity\scratch\ResourceManagementTool\ResourceManagement.Api\ResourceManagement.Api.csproj]
C:\Program Files\dotnet\sdk\9.0.306\Microsoft.Common.CurrentVersion.targets(5093,5): error MSB3021: Unable to copy file "C:\Users\gtsolakidis\.gemini\antigravity\scratch\ResourceManagementTool\ResourceManagement.Contracts\bin\Debug\net9.0\ResourceManagement.Contracts.dll" to "bin\Debug\net9.0\ResourceManagement.Contracts.dll". The process cannot access the file 'C:\Users\gtsolakidis\.gemini\antigravity\scratch\ResourceManagementTool\ResourceManagement.Api\bin\Debug\net9.0\ResourceManagement.Contracts.dll' because it is being used by another process. [C:\Users\gtsolakidis\.gemini\antigravity\scratch\ResourceManagementTool\ResourceManagement.Api\ResourceManagement.Api.csproj]
C:\Program Files\dotnet\sdk\9.0.306\Microsoft.Common.CurrentVersion.targets(5093,5): error MSB3027: Could not copy "C:\Users\gtsolakidis\.gemini\antigravity\scratch\ResourceManagementTool\ResourceManagement.Application\bin\Debug\net9.0\ResourceManagement.Application.dll" to "bin\Debug\net9.0\ResourceManagement.Application.dll". Exceeded retry count of 10. Failed. The file is locked by: "ResourceManagement.Api (64816)" [C:\Users\gtsolakidis\.gemini\antigravity\scratch\ResourceManagementTool\ResourceManagement.Api\ResourceManagement.Api.csproj]
C:\Program Files\dotnet\sdk\9.0.306\Microsoft.Common.CurrentVersion.targets(5093,5): error MSB3021: Unable to copy file "C:\Users\gtsolakidis\.gemini\antigravity\scratch\ResourceManagementTool\ResourceManagement.Application\bin\Debug\net9.0\ResourceManagement.Application.dll" to "bin\Debug\net9.0\ResourceManagement.Application.dll". The process cannot access the file 'C:\Users\gtsolakidis\.gemini\antigravity\scratch\ResourceManagementTool\ResourceManagement.Api\bin\Debug\net9.0\ResourceManagement.Application.dll' because it is being used by another process. [C:\Users\gtsolakidis\.gemini\antigravity\scratch\ResourceManagementTool\ResourceManagement.Api\ResourceManagement.Api.csproj]
C:\Program Files\dotnet\sdk\9.0.306\Microsoft.Common.CurrentVersion.targets(5093,5): error MSB3027: Could not copy "C:\Users\gtsolakidis\.gemini\antigravity\scratch\ResourceManagementTool\ResourceManagement.Infrastructure\bin\Debug\net9.0\ResourceManagement.Infrastructure.dll" to "bin\Debug\net9.0\ResourceManagement.Infrastructure.dll". Exceeded retry count of 10. Failed. The file is locked by: "ResourceManagement.Api (64816)" [C:\Users\gtsolakidis\.gemini\antigravity\scratch\ResourceManagementTool\ResourceManagement.Api\ResourceManagement.Api.csproj]
C:\Program Files\dotnet\sdk\9.0.306\Microsoft.Common.CurrentVersion.targets(5093,5): error MSB3021: Unable to copy file "C:\Users\gtsolakidis\.gemini\antigravity\scratch\ResourceManagementTool\ResourceManagement.Infrastructure\bin\Debug\net9.0\ResourceManagement.Infrastructure.dll" to "bin\Debug\net9.0\ResourceManagement.Infrastructure.dll". The process cannot access the file 'C:\Users\gtsolakidis\.gemini\antigravity\scratch\ResourceManagementTool\ResourceManagement.Api\bin\Debug\net9.0\ResourceManagement.Infrastructure.dll' because it is being used by another process. [C:\Users\gtsolakidis\.gemini\antigravity\scratch\ResourceManagementTool\ResourceManagement.Api\ResourceManagement.Api.csproj]
    43 Warning(s)
    8 Error(s)

Time Elapsed 00:00:18.36

Workload updates are available. Run `dotnet workload list` for more information.
